// Jest Snapshot v1, https://goo.gl/fbAQLP

exports[`Pruebas en <AuthLayout /> debe hacer match con el snapshot 1`] = `
<div>
  <div
    class="MuiGrid-root MuiGrid-container MuiGrid-direction-xs-column css-ro1yt6-MuiGrid-root"
  >
    <div
      class="MuiGrid-root MuiGrid-item MuiGrid-grid-xs-3 box-shadow css-1ar3nvi-MuiGrid-root"
    >
      <h5
        class="MuiTypography-root MuiTypography-h5 css-1jcm1rz-MuiTypography-root"
      />
    </div>
  </div>
</div>
`;
